******************************************************************************
                  TI ARM Linker PC v20.2.1                     
******************************************************************************
>> Linked Tue Jul 28 01:59:07 2020

OUTPUT FILE NAME:   <xbee_tm4c123gh.out>
ENTRY POINT SYMBOL: "_c_int00_noargs"  address: 000009e5


MEMORY CONFIGURATION

         name            origin    length      used     unused   attr    fill
----------------------  --------  ---------  --------  --------  ----  --------
  FLASH                 00000000   00040000  00000e08  0003f1f8  R  X
  SRAM                  20000000   00008000  000004e0  00007b20  RW X


SEGMENT ALLOCATION MAP

run origin  load origin   length   init length attrs members
----------  ----------- ---------- ----------- ----- -------
00000000    00000000    00000e08   00000e08    r-x
  00000000    00000000    0000026c   0000026c    r-- .intvecs
  0000026c    0000026c    000008ac   000008ac    r-x .text
  00000b18    00000b18    000002a8   000002a8    r-- .const
  00000dc0    00000dc0    00000048   00000048    r-- .cinit
20000000    20000000    000004e4   00000000    rw-
  20000000    20000000    0000026c   00000000    rw- .vtable
  20000270    20000270    00000200   00000000    rw- .stack
  20000470    20000470    00000068   00000000    rw- .bss
  200004d8    200004d8    0000000c   00000000    rw- .data


SECTION ALLOCATION MAP

 output                                  attributes/
section   page    origin      length       input sections
--------  ----  ----------  ----------   ----------------
.intvecs   0    00000000    0000026c     
                  00000000    0000026c     tm4c1230h6pm_startup_ccs.obj (.intvecs)

.text      0    0000026c    000008ac     
                  0000026c    0000016c     driverlib.lib : gpio.obj (.text:GPIOPadConfigSet)
                  000003d8    00000154     main.obj (.text)
                  0000052c    00000118     driverlib.lib : sysctl.obj (.text:SysCtlClockGet)
                  00000644    0000009c     rtsv7M4_T_le_v4SPD16_eabi.lib : memcpy_t2.asm.obj (.text)
                  000006e0    00000068     driverlib.lib : interrupt.obj (.text:IntDisable)
                  00000748    00000068                   : interrupt.obj (.text:IntEnable)
                  000007b0    00000068     rtsv7M4_T_le_v4SPD16_eabi.lib : copy_decompress_lzss.c.obj (.text:decompress:lzss:__TI_decompress_lzss)
                  00000818    0000004c     driverlib.lib : gpio.obj (.text:GPIOPinConfigure)
                  00000864    0000004c     rtsv7M4_T_le_v4SPD16_eabi.lib : atoi.c.obj (.text:atoi)
                  000008b0    00000046     driverlib.lib : uart.obj (.text:UARTConfigSetExpClk)
                  000008f6    00000002     --HOLE-- [fill = 0]
                  000008f8    00000044     rtsv7M4_T_le_v4SPD16_eabi.lib : autoinit.c.obj (.text:__TI_auto_init_nobinit_nopinit:__TI_auto_init_nobinit_nopinit)
                  0000093c    00000040     driverlib.lib : uart.obj (.text:_UARTIntNumberGet)
                  0000097c    00000034                   : interrupt.obj (.text:IntRegister)
                  000009b0    00000034                   : sysctl.obj (.text:SysCtlPeripheralEnable)
                  000009e4    00000034     rtsv7M4_T_le_v4SPD16_eabi.lib : boot_cortex_m.c.obj (.text:_c_int00_noargs:_c_int00_noargs)
                  00000a18    0000002c     driverlib.lib : gpio.obj (.text:GPIODirModeSet)
                  00000a44    00000020                   : uart.obj (.text:UARTDisable)
                  00000a64    0000001c     rtsv7M4_T_le_v4SPD16_eabi.lib : copy_zero_init.c.obj (.text:decompress:ZI:__TI_zero_init_nomemset:__TI_zero_init_nomemset)
                  00000a80    00000018     driverlib.lib : uart.obj (.text:UARTIntRegister)
                  00000a98    00000016                   : gpio.obj (.text:GPIOPinTypeUART)
                  00000aae    00000014                   : uart.obj (.text:UARTEnable)
                  00000ac2    0000000e                   : uart.obj (.text:UARTCharGetNonBlocking)
                  00000ad0    0000000e     rtsv7M4_T_le_v4SPD16_eabi.lib : copy_decompress_none.c.obj (.text:decompress:none:__TI_decompress_none)
                  00000ade    0000000c     tm4c1230h6pm_startup_ccs.obj (.text)
                  00000aea    0000000a     driverlib.lib : uart.obj (.text:UARTFIFODisable)
                  00000af4    0000000a                   : uart.obj (.text:UARTIntStatus)
                  00000afe    00000008                   : uart.obj (.text:UARTIntEnable)
                  00000b06    00000006                   : uart.obj (.text:UARTClockSourceSet)
                  00000b0c    00000004                   : uart.obj (.text:UARTIntClear)
                  00000b10    00000004     rtsv7M4_T_le_v4SPD16_eabi.lib : pre_init.c.obj (.text:_system_pre_init)
                  00000b14    00000004                                   : exit.c.obj (.text:abort:abort)

.const     0    00000b18    000002a8     
                  00000b18    00000101     rtsv7M4_T_le_v4SPD16_eabi.lib : ctype.c.obj (.const:.string:_ctypes_)
                  00000c19    00000003     --HOLE-- [fill = 0]
                  00000c1c    00000090     driverlib.lib : gpio.obj (.const:g_pui32GPIOBaseAddrs)
                  00000cac    0000006c                   : sysctl.obj (.const:g_pui32Xtals)
                  00000d18    00000040                   : uart.obj (.const:g_ppui32UARTIntMap)
                  00000d58    00000040                   : uart.obj (.const:g_ppui32UARTIntMapSnowflake)
                  00000d98    00000014                   : interrupt.obj (.const:g_pui32Dii16Regs)
                  00000dac    00000014                   : interrupt.obj (.const:g_pui32EnRegs)

.cinit     0    00000dc0    00000048     
                  00000dc0    00000010     (.cinit..data.load) [load image, compression = lzss]
                  00000dd0    0000000c     (__TI_handler_table)
                  00000ddc    00000004     --HOLE-- [fill = 0]
                  00000de0    00000008     (.cinit..bss.load) [load image, compression = zero_init]
                  00000de8    00000008     (.cinit..vtable.load) [load image, compression = zero_init]
                  00000df0    00000018     (__TI_cinit_table)

.init_array 
*          0    00000000    00000000     UNINITIALIZED

.vtable    0    20000000    0000026c     UNINITIALIZED
                  20000000    0000026c     driverlib.lib : interrupt.obj (.vtable)

.bss       0    20000470    00000068     UNINITIALIZED
                  20000470    00000064     (.common:buffer_main)
                  200004d4    00000004     (.common:uart_counter_main)

.data      0    200004d8    0000000c     UNINITIALIZED
                  200004d8    0000000c     main.obj (.data)

.stack     0    20000270    00000200     UNINITIALIZED
                  20000270    00000004     rtsv7M4_T_le_v4SPD16_eabi.lib : boot_cortex_m.c.obj (.stack)
                  20000274    000001fc     --HOLE--

__llvm_prf_cnts 
*          0    20000000    00000000     UNINITIALIZED

MODULE SUMMARY

       Module                         code   ro data   rw data
       ------                         ----   -------   -------
    .\
       tm4c1230h6pm_startup_ccs.obj   12     620       0      
       main.obj                       340    0         116    
    +--+------------------------------+------+---------+---------+
       Total:                         352    620       116    
                                                              
    C:/ti/TivaWare_C_Series-2.2.0.295/driverlib/ccs/Debug/driverlib.lib
       interrupt.obj                  260    40        620    
       gpio.obj                       506    144       0      
       sysctl.obj                     332    108       0      
       uart.obj                       262    128       0      
    +--+------------------------------+------+---------+---------+
       Total:                         1360   420       620    
                                                              
    C:\ti\ccs1010\ccs\tools\compiler\ti-cgt-arm_20.2.1.LTS\lib\rtsv7M4_T_le_v4SPD16_eabi.lib
       ctype.c.obj                    0      257       0      
       memcpy_t2.asm.obj              156    0         0      
       copy_decompress_lzss.c.obj     104    0         0      
       atoi.c.obj                     76     0         0      
       autoinit.c.obj                 68     0         0      
       boot_cortex_m.c.obj            52     0         0      
       copy_zero_init.c.obj           28     0         0      
       copy_decompress_none.c.obj     14     0         0      
       exit.c.obj                     4      0         0      
       pre_init.c.obj                 4      0         0      
    +--+------------------------------+------+---------+---------+
       Total:                         506    257       0      
                                                              
       Stack:                         0      0         512    
       Linker Generated:              0      68        0      
    +--+------------------------------+------+---------+---------+
       Grand Total:                   2218   1365      1248   


LINKER GENERATED COPY TABLES

__TI_cinit_table @ 00000df0 records: 3, size/record: 8, table size: 24
	.data: load addr=00000dc0, load size=00000010 bytes, run addr=200004d8, run size=0000000c bytes, compression=lzss
	.bss: load addr=00000de0, load size=00000008 bytes, run addr=20000470, run size=00000068 bytes, compression=zero_init
	.vtable: load addr=00000de8, load size=00000008 bytes, run addr=20000000, run size=0000026c bytes, compression=zero_init


LINKER GENERATED HANDLER TABLE

__TI_handler_table @ 00000dd0 records: 3, size/record: 4, table size: 12
	index: 0, handler: __TI_zero_init
	index: 1, handler: __TI_decompress_lzss
	index: 2, handler: __TI_decompress_none


GLOBAL SYMBOLS: SORTED ALPHABETICALLY BY Name 

address   name                          
-------   ----                          
00000b15  C$$EXIT                       
00000a19  GPIODirModeSet                
0000026d  GPIOPadConfigSet              
00000819  GPIOPinConfigure              
00000a99  GPIOPinTypeUART               
000006e1  IntDisable                    
00000749  IntEnable                     
0000097d  IntRegister                   
00000adf  ResetISR                      
0000052d  SysCtlClockGet                
000009b1  SysCtlPeripheralEnable        
00000ac3  UARTCharGetNonBlocking        
00000b07  UARTClockSourceSet            
000008b1  UARTConfigSetExpClk           
00000a45  UARTDisable                   
00000aaf  UARTEnable                    
00000aeb  UARTFIFODisable               
00000b0d  UARTIntClear                  
00000aff  UARTIntEnable                 
00000a81  UARTIntRegister               
00000af5  UARTIntStatus                 
20000470  __STACK_END                   
00000200  __STACK_SIZE                  
20000470  __STACK_TOP                   
00000df0  __TI_CINIT_Base               
00000e08  __TI_CINIT_Limit              
00000dd0  __TI_Handler_Table_Base       
00000ddc  __TI_Handler_Table_Limit      
000008f9  __TI_auto_init_nobinit_nopinit
000007b1  __TI_decompress_lzss          
00000ad1  __TI_decompress_none          
ffffffff  __TI_pprof_out_hndl           
ffffffff  __TI_prof_data_size           
ffffffff  __TI_prof_data_start          
00000000  __TI_static_base__            
00000a65  __TI_zero_init_nomemset       
00000645  __aeabi_memcpy                
00000645  __aeabi_memcpy4               
00000645  __aeabi_memcpy8               
ffffffff  __binit__                     
ffffffff  __c_args__                    
UNDEFED   __mpu_init                    
20000270  __stack                       
20000000  __start___llvm_prf_cnts       
20000000  __stop___llvm_prf_cnts        
000009e5  _c_int00_noargs               
00000b18  _ctypes_                      
UNDEFED   _system_post_cinit            
00000b11  _system_pre_init              
00000b15  abort                         
00000865  atoi                          
ffffffff  binit                         
200004d9  break_flag                    
20000470  buffer_main                   
20000000  g_pfnRAMVectors               
00000000  g_pfnVectors                  
00000481  interrupt_Main_uart           
000003d9  main                          
000003f7  main_uart_init                
00000645  memcpy                        
000004ab  on_load                       
200004e0  speed                         
200004dc  steer_degree                  
200004d4  uart_counter_main             
200004d8  uart_flag                     


GLOBAL SYMBOLS: SORTED BY Symbol Address 

address   name                          
-------   ----                          
00000000  __TI_static_base__            
00000000  g_pfnVectors                  
00000200  __STACK_SIZE                  
0000026d  GPIOPadConfigSet              
000003d9  main                          
000003f7  main_uart_init                
00000481  interrupt_Main_uart           
000004ab  on_load                       
0000052d  SysCtlClockGet                
00000645  __aeabi_memcpy                
00000645  __aeabi_memcpy4               
00000645  __aeabi_memcpy8               
00000645  memcpy                        
000006e1  IntDisable                    
00000749  IntEnable                     
000007b1  __TI_decompress_lzss          
00000819  GPIOPinConfigure              
00000865  atoi                          
000008b1  UARTConfigSetExpClk           
000008f9  __TI_auto_init_nobinit_nopinit
0000097d  IntRegister                   
000009b1  SysCtlPeripheralEnable        
000009e5  _c_int00_noargs               
00000a19  GPIODirModeSet                
00000a45  UARTDisable                   
00000a65  __TI_zero_init_nomemset       
00000a81  UARTIntRegister               
00000a99  GPIOPinTypeUART               
00000aaf  UARTEnable                    
00000ac3  UARTCharGetNonBlocking        
00000ad1  __TI_decompress_none          
00000adf  ResetISR                      
00000aeb  UARTFIFODisable               
00000af5  UARTIntStatus                 
00000aff  UARTIntEnable                 
00000b07  UARTClockSourceSet            
00000b0d  UARTIntClear                  
00000b11  _system_pre_init              
00000b15  C$$EXIT                       
00000b15  abort                         
00000b18  _ctypes_                      
00000dd0  __TI_Handler_Table_Base       
00000ddc  __TI_Handler_Table_Limit      
00000df0  __TI_CINIT_Base               
00000e08  __TI_CINIT_Limit              
20000000  __start___llvm_prf_cnts       
20000000  __stop___llvm_prf_cnts        
20000000  g_pfnRAMVectors               
20000270  __stack                       
20000470  __STACK_END                   
20000470  __STACK_TOP                   
20000470  buffer_main                   
200004d4  uart_counter_main             
200004d8  uart_flag                     
200004d9  break_flag                    
200004dc  steer_degree                  
200004e0  speed                         
ffffffff  __TI_pprof_out_hndl           
ffffffff  __TI_prof_data_size           
ffffffff  __TI_prof_data_start          
ffffffff  __binit__                     
ffffffff  __c_args__                    
ffffffff  binit                         
UNDEFED   __mpu_init                    
UNDEFED   _system_post_cinit            

[65 symbols]
